../CANLib/CAN_Main/CAN_Main.c:33:19:PushTx8Bytes	32	static
../CANLib/CAN_Main/CAN_Main.c:48:19:PopSendTx8Bytes	40	static
../CANLib/CAN_Main/CAN_Main.c:72:6:WhenTxMailbox0_1_2CompleteCallbackCalled	8	static
../CANLib/CAN_Main/CAN_Main.c:76:6:WhenTxMailbox0_1_2AbortCallbackCalled	8	static
../CANLib/CAN_Main/CAN_Main.c:80:6:WhenCANRxFifo0MsgPending	80	static
../CANLib/CAN_Main/CAN_Main.c:123:19:SendBytes	40	static
../CANLib/CAN_Main/CAN_Main.c:159:6:CAN_SystemInit	64	static
../CANLib/CAN_Main/CAN_Main.c:275:6:CAN_WaitConnect	24	static
../CANLib/CAN_Main/CAN_Main.c:299:6:MCMD_ChangeControl	32	static
../CANLib/CAN_Main/CAN_Main.c:322:6:MCMD_init	32	static
../CANLib/CAN_Main/CAN_Main.c:342:6:MCMD_Calib	24	static
../CANLib/CAN_Main/CAN_Main.c:346:6:MCMD_Wait_For_Calib	32	static
../CANLib/CAN_Main/CAN_Main.c:356:6:MCMD_Control_Enable	24	static
../CANLib/CAN_Main/CAN_Main.c:361:6:MCMD_Control_Disable	24	static
../CANLib/CAN_Main/CAN_Main.c:366:6:MCMD_SetTarget	16	static
../CANLib/CAN_Main/CAN_Main.c:370:23:Get_MCMD_Feedback	32	static
../CANLib/CAN_Main/CAN_Main.c:403:6:ServoDriver_Init	24	static
../CANLib/CAN_Main/CAN_Main.c:416:6:ServoDriver_SendValue	16	static
../CANLib/CAN_Main/CAN_Main.c:431:6:AirCylinder_Init	16	static
../CANLib/CAN_Main/CAN_Main.c:437:6:AirCylinder_SendOutput	16	static
